[dotenv@17.3.1] injecting env (3) from .env -- tip: ΓÜÖ∩╕Å  write to custom object with { processEnv: myObject }
node : C:\Agile Collaborative Workspace\server\nod
e_modules\@prisma\client\runtime\client.js:70
At line:1 char:1
+ node src/app.js 2>&1 | Out-File -Encoding utf8 
error_utf8.log
+ ~~~~~~~~~~~~~~~~~~~~
    + CategoryInfo          : NotSpecified: (C:\A 
   gile Collab...me\client.js:70:String) [], Rem  
  oteException
    + FullyQualifiedErrorId : NativeCommandError
 
${n}`}var Ul=require("@prisma/client-runtime-utils
");function Bl(e){return 
e.length===0?Promise.resolve([]):new 
Promise((t,r)=>{let n=new Array(e.length),i=null,o
=!1,s=0,a=()=>{o||(s++,s===e.length&&(o=!0,i?r(i):
t(n)))},l=u=>{o||(o=!0,r(u))};for(let u=0;u<e.leng
th;u++)e[u].then(c=>{n[u]=c,a()},c=>{if(!(0,Ul.has
BatchIndex)(c)){l(c);return}c.batchRequestIdx===u?
l(c):(i||(i=c),a())})})}var 
rt=_("prisma:client");typeof globalThis=="object"&
&(globalThis.NODE_CLIENT=!0);var Nm={requestArgsTo
MiddlewareArgs:e=>e,middlewareArgsToRequestArgs:e=
>e},Wl=Symbol.for("prisma.client.transaction.scope
_context");function Ql(e){let r=e[Wl];if(r===void 
0)return{kind:"top-level"};if(Dm(r))return 
r;throw new Error("Internal error: inconsistent 
transaction scope context.")}function 
Dm(e){if(typeof 
e!="object"||e===null)return!1;let t=e;return 
t.kind==="nested"&&typeof 
t.txId=="string"&&typeof 
t.scopeId=="string"&&Mm(t.scopeState)}function 
Mm(e){return typeof e!="object"||e===null?!1:Array
.isArray(e.stack)}function Fm(){return typeof glob
alThis.crypto?.randomUUID=="function"?globalThis.c
rypto.randomUUID():`${Date.now()}-${Math.random().
toString(16).slice(2)}`}var 
_m={id:0,nextId(){return++this.id}};function 
Kl(e){class t{_originalClient=this;_runtimeDataMod
el;_requestHandler;_connectionPromise;_disconnecti
onPromise;_engineConfig;_accelerateEngineConfig;_c
lientVersion;_errorFormat;_tracingHelper;_previewF
eatures;_activeProvider;_globalOmit;_extensions;_e
ngine;_appliedParent;_createPrismaPromise=pi();con
structor(n){if(!n)throw new 
b.PrismaClientInitializationError("`PrismaClient` 
needs to be constructed with a non-empty, valid 
`PrismaClientOptions`:\n\n```\nnew 
PrismaClient({\n  
...\n})\n```\n\nor\n\n```\nconstructor() {\n  
super({ ... });\n}\n```\n          ",yi);e=n.__int
ernal?.configOverride?.(e)??e,jl(n,e);let i=new zl
.EventEmitter().on("error",()=>{});this._extension
s=Qe.empty(),this._previewFeatures=e.previewFeatur
es,this._clientVersion=e.clientVersion??yi,this._a
ctiveProvider=e.activeProvider,this._globalOmit=n?
.omit,this._tracingHelper=kl();let 
o;if(n.adapter){o=n.adapter;let s=e.activeProvider
==="postgresql"||e.activeProvider==="cockroachdb"?
"postgres":e.activeProvider;if(o.provider!==s)thro
w new b.PrismaClientInitializationError(`The 
Driver Adapter \`${o.adapterName}\`, based on 
\`${o.provider}\`, is not compatible with the 
provider \`${s}\` specified in the Prisma 
schema.`,this._clientVersion)}try{let s=n??{},l=(s
.__internal??{}).debug===!0;if(l&&_.enable("prisma
:client"),s.errorFormat?this._errorFormat=s.errorF
ormat:process.env.NODE_ENV==="production"?this._er
rorFormat="minimal":process.env.NO_COLOR?this._err
orFormat="colorless":this._errorFormat="colorless"
,this._runtimeDataModel=e.runtimeDataModel,this._e
ngineConfig={enableDebugLogs:l,logLevel:s.log&&Ol(
s.log),logQueries:s.log&&!!(typeof s.log=="string"
?s.log==="query":s.log.find(u=>typeof u=="string"?
u==="query":u.level==="query")),compilerWasm:e.com
pilerWasm,clientVersion:e.clientVersion,previewFea
tures:this._previewFeatures,activeProvider:e.activ
eProvider,inlineSchema:e.inlineSchema,tracingHelpe
r:this._tracingHelper,transactionOptions:{maxWait:
s.transactionOptions?.maxWait??2e3,timeout:s.trans
actionOptions?.timeout??5e3,isolationLevel:s.trans
actionOptions?.isolationLevel},logEmitter:i,adapte
r:o,accelerateUrl:s.accelerateUrl,sqlCommenters:s.
comments,parameterizationSchema:e.parameterization
Schema,runtimeDataModel:e.runtimeDataModel},this._
accelerateEngineConfig=Object.create(this._engineC
onfig),this._accelerateEngineConfig.accelerateUtil
s={resolveDatasourceUrl:()=>{if(s.accelerateUrl)re
turn s.accelerateUrl;throw new b.PrismaClientIniti
alizationError(`\`accelerateUrl\` is required 
when using \`@prisma/extension-accelerate\`:
                                                  
                                                  
                                                  
                                                  
                                                  
                                                  
                                                  
                                                  
                                                  
                                                  
                                                  
                                                  
                                                  
                                                  
                                                  
                                                  
                                                  
                                                  
                                                  
                                                  
                    

PrismaClientInitializationError: `PrismaClient` 
needs to be constructed with a non-empty, valid 
`PrismaClientOptions`:

```
new PrismaClient({
  ...
})
```

or

```
constructor() {
  super({ ... });
}
```
          
    at new t (C:\Agile Collaborative Workspace\ser
ver\node_modules\@prisma\client\runtime\client.js:
70:1527)
    at Object.<anonymous> (C:\Agile Collaborative 
Workspace\server\src\repositories\authRepo.js:3:16
)
    at Module._compile 
(node:internal/modules/cjs/loader:1554:14)
    at Object..js 
(node:internal/modules/cjs/loader:1706:10)
    at Module.load 
(node:internal/modules/cjs/loader:1289:32)
    at Function._load 
(node:internal/modules/cjs/loader:1108:12)
    at TracingChannel.traceSync 
(node:diagnostics_channel:322:14)
    at wrapModuleLoad 
(node:internal/modules/cjs/loader:220:24)
    at Module.require 
(node:internal/modules/cjs/loader:1311:12)
    at require 
(node:internal/modules/helpers:136:16) {
  clientVersion: '7.6.0',
  errorCode: undefined,
  retryable: undefined
}

Node.js v22.14.0
